// Vitest Snapshot v1, https://vitest.dev/guide/snapshot.html

exports[`synopsis is printed 1`] = `
"Test CLI v1.0.0

Usage:
  test [options] [arguments]

Options:
  -a | --aa | --aaaaa   aaaaa
  --foo                 Crimbus nimbus
  -h | --help           Display help information
  --xy                  Some number"
`;

exports[`usage has synopsis and options 1`] = `
"Test CLI v1.0.0

Usage:
  test [options] [arguments]

Options:
  -a | --aa | --aaaaa   aaaaa
  --foo                 Crimbus nimbus
  -h | --help           Display help information
  --xy                  Some number"
`;
