// Vitest Snapshot v1, https://vitest.dev/guide/snapshot.html

exports[`usage has synopsis and options 1`] = `
"Test CLI v1.0.0

Usage:
  test [options] [arguments]

Options:
  -a | --aa | --aaaaa   aaaaa
  --bingus <on | off>   bingus
  --foo <string>        Crimbus nimbus
  -h | --help           Display help information
  --xy [int]            Some number (default 123)"
`;
